> ClassState{
	capacity=0,
	openEnrollments=false,
	enrolled=[],
	discarded=[]
}

> The class has reached its maximum capacity.

> ClassState{
	capacity=0,
	openEnrollments=false,
	enrolled=[],
	discarded=[]
}

> 